<!DOCTYPE html>
<html lang="en">
<head>
  <meta charset="utf-8">
<!-- image_alt_as_title.qdoc -->
  <meta name="description" content="This page has an image that has a title attribute.">
  <title>This page starts with an image | Qt</title>
</head>
<body>
<div class="sidebar"><div class="sidebar-content" id="sidebar-content"></div></div>
<h1 class="title">This page starts with an image</h1>
<!-- $$$page-with-an-image-that-has-a-title-attribute.html-description -->
<div class="descr" id="details">
<p class="centerAlign"><img src="images/leonardo-da-vinci.png" alt="This is the alternate text for the image" title="This is the alternate text for the image" /></p><p class="figCaption">If you hover over the image, a tooltip should pop up in your browser with the text &quot;This is the alternate text for the image&quot;.</p>
<p>The image should render as expected, and the alternate text should be there, too. This text is contained in its own paragraph following the image.</p>
</div>
<!-- @@@page-with-an-image-that-has-a-title-attribute.html -->
</body>
</html>
